// Vitest Snapshot v1, https://vitest.dev/guide/snapshot.html

exports[`#getGroups 1`] = `
Set {
  "0, 1, 2, 3",
  "0, 16, 32, 48",
  "0, 17, 34, 51",
  "0, 20, 40, 60",
  "0, 21, 42, 63",
  "0, 4, 8, 12",
  "0, 5, 10, 15",
  "1, 17, 33, 49",
  "1, 21, 41, 61",
  "1, 5, 9, 13",
  "10, 26, 42, 58",
  "11, 26, 41, 56",
  "11, 27, 43, 59",
  "12, 13, 14, 15",
  "12, 24, 36, 48",
  "12, 25, 38, 51",
  "12, 28, 44, 60",
  "12, 29, 46, 63",
  "13, 25, 37, 49",
  "13, 29, 45, 61",
  "14, 26, 38, 50",
  "14, 30, 46, 62",
  "15, 26, 37, 48",
  "15, 27, 39, 51",
  "15, 30, 45, 60",
  "15, 31, 47, 63",
  "16, 17, 18, 19",
  "16, 20, 24, 28",
  "16, 21, 26, 31",
  "17, 21, 25, 29",
  "18, 22, 26, 30",
  "19, 22, 25, 28",
  "19, 23, 27, 31",
  "2, 18, 34, 50",
  "2, 22, 42, 62",
  "2, 6, 10, 14",
  "20, 21, 22, 23",
  "24, 25, 26, 27",
  "28, 29, 30, 31",
  "3, 18, 33, 48",
  "3, 19, 35, 51",
  "3, 22, 41, 60",
  "3, 23, 43, 63",
  "3, 6, 9, 12",
  "3, 7, 11, 15",
  "32, 33, 34, 35",
  "32, 36, 40, 44",
  "32, 37, 42, 47",
  "33, 37, 41, 45",
  "34, 38, 42, 46",
  "35, 38, 41, 44",
  "35, 39, 43, 47",
  "36, 37, 38, 39",
  "4, 20, 36, 52",
  "4, 21, 38, 55",
  "4, 5, 6, 7",
  "40, 41, 42, 43",
  "44, 45, 46, 47",
  "48, 49, 50, 51",
  "48, 52, 56, 60",
  "48, 53, 58, 63",
  "49, 53, 57, 61",
  "5, 21, 37, 53",
  "50, 54, 58, 62",
  "51, 54, 57, 60",
  "51, 55, 59, 63",
  "52, 53, 54, 55",
  "56, 57, 58, 59",
  "6, 22, 38, 54",
  "60, 61, 62, 63",
  "7, 22, 37, 52",
  "7, 23, 39, 55",
  "8, 24, 40, 56",
  "8, 25, 42, 59",
  "8, 9, 10, 11",
  "9, 25, 41, 57",
}
`;
